// Jest Snapshot v1, https://goo.gl/fbAQLP

exports[`FeedsComponent should match the snapshot 1`] = `
<View
  style={
    Object {
      "alignItems": "flex-start",
      "flexDirection": "row",
      "flexWrap": "wrap",
      "justifyContent": "center",
    }
  }
  testID="feeds-component"
>
  <View
    style={
      Object {
        "alignItems": "center",
        "backgroundColor": "#50b8a8",
        "height": 200,
        "justifyContent": "center",
        "margin": 5,
        "overflow": "hidden",
        "width": 340,
      }
    }
  >
    <Image
      source={
        Object {
          "uri": "https://example.com/image1.jpg",
        }
      }
      style={
        Object {
          "height": "100%",
          "margin": 4,
          "width": "100%",
        }
      }
    />
    <Text
      onPress={[Function]}
      style={
        Object {
          "alignSelf": "flex-start",
          "bottom": 0,
          "color": "white",
          "fontSize": 60,
          "justifyContent": "flex-start",
          "margin": 4,
          "position": "absolute",
          "textTransform": "capitalize",
        }
      }
      testID="feed-name"
    >
      John
    </Text>
  </View>
  <View
    style={
      Object {
        "alignItems": "center",
        "backgroundColor": "#50b8a8",
        "height": 200,
        "justifyContent": "center",
        "margin": 5,
        "overflow": "hidden",
        "width": 340,
      }
    }
  >
    <Image
      source={
        Object {
          "uri": "https://example.com/image2.jpg",
        }
      }
      style={
        Object {
          "height": "100%",
          "margin": 4,
          "width": "100%",
        }
      }
    />
    <Text
      onPress={[Function]}
      style={
        Object {
          "alignSelf": "flex-start",
          "bottom": 0,
          "color": "white",
          "fontSize": 60,
          "justifyContent": "flex-start",
          "margin": 4,
          "position": "absolute",
          "textTransform": "capitalize",
        }
      }
      testID="feed-name"
    >
      Jane
    </Text>
  </View>
</View>
`;
