// Jest Snapshot v1, https://goo.gl/fbAQLP

exports[`HighlightComponent should render correctly 1`] = `
<View
  style={
    Object {
      "backgroundColor": "white",
      "minHeight": 160,
      "padding": 16,
      "paddingVertical": 20,
      "width": "100%",
    }
  }
  testID="highlight-component"
>
  <Text
    style={
      Object {
        "fontSize": 30,
      }
    }
  >
    Highlight
  </Text>
  <RCTScrollView
    contentContainerStyle={
      Object {
        "marginTop": 10,
      }
    }
    data={
      Array [
        Object {
          "name": Object {
            "first": "John",
          },
          "picture": Object {
            "medium": "https://example.com/image1.jpg",
          },
        },
        Object {
          "name": Object {
            "first": "Jane",
          },
          "picture": Object {
            "medium": "https://example.com/image2.jpg",
          },
        },
      ]
    }
    getItem={[Function]}
    getItemCount={[Function]}
    horizontal={true}
    keyExtractor={[Function]}
    onContentSizeChange={[Function]}
    onLayout={[Function]}
    onMomentumScrollBegin={[Function]}
    onMomentumScrollEnd={[Function]}
    onScroll={[Function]}
    onScrollBeginDrag={[Function]}
    onScrollEndDrag={[Function]}
    removeClippedSubviews={false}
    renderItem={[Function]}
    scrollEventThrottle={50}
    stickyHeaderIndices={Array []}
    viewabilityConfigCallbackPairs={Array []}
  >
    <View>
      <View
        onLayout={[Function]}
        style={
          Array [
            Object {
              "flexDirection": "row",
            },
            null,
          ]
        }
      >
        <View
          style={
            Object {
              "marginHorizontal": 8,
            }
          }
          testID="highlight-item-0"
        >
          <Image
            source={
              Object {
                "uri": "https://example.com/image1.jpg",
              }
            }
            style={
              Object {
                "backgroundColor": "#50b8a8",
                "borderRadius": 50,
                "height": 100,
                "width": 100,
              }
            }
            testID="highlight-image-0"
          />
          <Text
            style={
              Object {
                "fontSize": 30,
                "marginVertical": 4,
              }
            }
            testID="highlight-text-0"
          >
            John
          </Text>
        </View>
      </View>
      <View
        onLayout={[Function]}
        style={
          Array [
            Object {
              "flexDirection": "row",
            },
            null,
          ]
        }
      >
        <View
          style={
            Object {
              "marginHorizontal": 8,
            }
          }
          testID="highlight-item-1"
        >
          <Image
            source={
              Object {
                "uri": "https://example.com/image2.jpg",
              }
            }
            style={
              Object {
                "backgroundColor": "#50b8a8",
                "borderRadius": 50,
                "height": 100,
                "width": 100,
              }
            }
            testID="highlight-image-1"
          />
          <Text
            style={
              Object {
                "fontSize": 30,
                "marginVertical": 4,
              }
            }
            testID="highlight-text-1"
          >
            Jane
          </Text>
        </View>
      </View>
    </View>
  </RCTScrollView>
</View>
`;
