// Jest Snapshot v1, https://goo.gl/fbAQLP

exports[`AnimatedInputWithLabel snapshots should match the snapshot 1`] = `
<View
  style={
    Object {
      "marginBottom": 20,
    }
  }
>
  <Text
    style={
      Array [
        Object {
          "color": "#50b8a8",
          "fontSize": 16,
          "fontWeight": "bold",
          "marginBottom": 5,
        },
        Object {
          "transform": Array [
            Object {
              "scale": 1,
            },
          ],
        },
      ]
    }
  >
    Label
  </Text>
  <TextInput
    autoCapitalize="none"
    collapsable={false}
    onBlur={[Function]}
    onFocus={[Function]}
    placeholder=""
    style={
      Object {
        "borderColor": "#ccc",
        "borderWidth": 1,
        "fontSize": 16,
        "height": 40,
        "paddingHorizontal": 10,
      }
    }
  />
</View>
`;
