// Jest Snapshot v1, https://goo.gl/fbAQLP

exports[`ToastComponent Snapshot should match the snapshot 1`] = `
ReactTestInstance {
  "_fiber": FiberNode {
    "_debugHookTypes": null,
    "_debugNeedsRemount": false,
    "_debugOwner": null,
    "_debugSource": undefined,
    "actualDuration": 0,
    "actualStartTime": -1,
    "alternate": null,
    "child": FiberNode {
      "_debugHookTypes": null,
      "_debugNeedsRemount": false,
      "_debugOwner": [Circular],
      "_debugSource": undefined,
      "actualDuration": 0,
      "actualStartTime": -1,
      "alternate": null,
      "child": FiberNode {
        "_debugHookTypes": null,
        "_debugNeedsRemount": false,
        "_debugOwner": [Circular],
        "_debugSource": null,
        "actualDuration": 0,
        "actualStartTime": -1,
        "alternate": null,
        "child": null,
        "childLanes": 0,
        "deletions": null,
        "dependencies": null,
        "elementType": "Text",
        "flags": 0,
        "index": 0,
        "key": null,
        "lanes": 0,
        "memoizedProps": Object {
          "children": undefined,
          "style": Array [
            Object {
              "fontSize": 16,
            },
            Object {},
            undefined,
          ],
        },
        "memoizedState": null,
        "mode": 0,
        "pendingProps": Object {
          "children": undefined,
          "style": Array [
            Object {
              "fontSize": 16,
            },
            Object {},
            undefined,
          ],
        },
        "ref": null,
        "return": [Circular],
        "selfBaseDuration": 0,
        "sibling": null,
        "stateNode": Object {
          "children": Array [],
          "internalInstanceHandle": [Circular],
          "isHidden": false,
          "props": Object {
            "children": undefined,
            "style": Array [
              Object {
                "fontSize": 16,
              },
              Object {},
              undefined,
            ],
          },
          "rootContainerInstance": Object {
            "children": Array [
              [Circular],
            ],
            "createNodeMock": [Function],
            "tag": "CONTAINER",
          },
          "tag": "INSTANCE",
          "type": "Text",
        },
        "subtreeFlags": 0,
        "tag": 5,
        "treeBaseDuration": 0,
        "type": "Text",
        "updateQueue": null,
      },
      "childLanes": 0,
      "deletions": null,
      "dependencies": null,
      "elementType": [Function],
      "flags": 1,
      "index": 0,
      "key": null,
      "lanes": 0,
      "memoizedProps": Object {
        "style": Array [
          Object {
            "fontSize": 16,
          },
          Object {},
          undefined,
        ],
      },
      "memoizedState": null,
      "mode": 0,
      "pendingProps": Object {
        "style": Array [
          Object {
            "fontSize": 16,
          },
          Object {},
          undefined,
        ],
      },
      "ref": null,
      "return": [Circular],
      "selfBaseDuration": 0,
      "sibling": null,
      "stateNode": Component {
        "_reactInternalInstance": Object {},
        "_reactInternals": [Circular],
        "context": Object {},
        "props": Object {
          "style": Array [
            Object {
              "fontSize": 16,
            },
            Object {},
            undefined,
          ],
        },
        "refs": Object {},
        "state": null,
        "updater": Object {
          "enqueueForceUpdate": [Function],
          "enqueueReplaceState": [Function],
          "enqueueSetState": [Function],
          "isMounted": [Function],
        },
      },
      "subtreeFlags": 0,
      "tag": 1,
      "treeBaseDuration": 0,
      "type": [Function],
      "updateQueue": Object {
        "baseState": null,
        "effects": null,
        "firstBaseUpdate": null,
        "lastBaseUpdate": null,
        "shared": Object {
          "interleaved": null,
          "lanes": 0,
          "pending": null,
        },
      },
    },
    "childLanes": 0,
    "deletions": null,
    "dependencies": null,
    "elementType": [Function],
    "flags": 1,
    "index": 0,
    "key": null,
    "lanes": 0,
    "memoizedProps": Object {},
    "memoizedState": null,
    "mode": 0,
    "pendingProps": Object {},
    "ref": null,
    "return": FiberNode {
      "_debugHookTypes": null,
      "_debugNeedsRemount": false,
      "_debugOwner": null,
      "_debugSource": null,
      "actualDuration": 0,
      "actualStartTime": -1,
      "alternate": FiberNode {
        "_debugHookTypes": null,
        "_debugNeedsRemount": false,
        "_debugOwner": null,
        "_debugSource": null,
        "actualDuration": 0,
        "actualStartTime": -1,
        "alternate": [Circular],
        "child": null,
        "childLanes": 0,
        "deletions": null,
        "dependencies": null,
        "elementType": null,
        "flags": 0,
        "index": 0,
        "key": null,
        "lanes": 1,
        "memoizedProps": null,
        "memoizedState": Object {
          "cache": null,
          "element": null,
          "isDehydrated": false,
          "pendingSuspenseBoundaries": null,
          "transitions": null,
        },
        "mode": 0,
        "pendingProps": null,
        "ref": null,
        "return": null,
        "selfBaseDuration": 0,
        "sibling": null,
        "stateNode": FiberRootNode {
          "_debugRootType": "render()",
          "callbackNode": null,
          "callbackPriority": 0,
          "containerInfo": Object {
            "children": Array [
              Object {
                "children": Array [],
                "internalInstanceHandle": FiberNode {
                  "_debugHookTypes": null,
                  "_debugNeedsRemount": false,
                  "_debugOwner": FiberNode {
                    "_debugHookTypes": null,
                    "_debugNeedsRemount": false,
                    "_debugOwner": [Circular],
                    "_debugSource": undefined,
                    "actualDuration": 0,
                    "actualStartTime": -1,
                    "alternate": null,
                    "child": [Circular],
                    "childLanes": 0,
                    "deletions": null,
                    "dependencies": null,
                    "elementType": [Function],
                    "flags": 1,
                    "index": 0,
                    "key": null,
                    "lanes": 0,
                    "memoizedProps": Object {
                      "style": Array [
                        Object {
                          "fontSize": 16,
                        },
                        Object {},
                        undefined,
                      ],
                    },
                    "memoizedState": null,
                    "mode": 0,
                    "pendingProps": Object {
                      "style": Array [
                        Object {
                          "fontSize": 16,
                        },
                        Object {},
                        undefined,
                      ],
                    },
                    "ref": null,
                    "return": [Circular],
                    "selfBaseDuration": 0,
                    "sibling": null,
                    "stateNode": Component {
                      "_reactInternalInstance": Object {},
                      "_reactInternals": [Circular],
                      "context": Object {},
                      "props": Object {
                        "style": Array [
                          Object {
                            "fontSize": 16,
                          },
                          Object {},
                          undefined,
                        ],
                      },
                      "refs": Object {},
                      "state": null,
                      "updater": Object {
                        "enqueueForceUpdate": [Function],
                        "enqueueReplaceState": [Function],
                        "enqueueSetState": [Function],
                        "isMounted": [Function],
                      },
                    },
                    "subtreeFlags": 0,
                    "tag": 1,
                    "treeBaseDuration": 0,
                    "type": [Function],
                    "updateQueue": Object {
                      "baseState": null,
                      "effects": null,
                      "firstBaseUpdate": null,
                      "lastBaseUpdate": null,
                      "shared": Object {
                        "interleaved": null,
                        "lanes": 0,
                        "pending": null,
                      },
                    },
                  },
                  "_debugSource": null,
                  "actualDuration": 0,
                  "actualStartTime": -1,
                  "alternate": null,
                  "child": null,
                  "childLanes": 0,
                  "deletions": null,
                  "dependencies": null,
                  "elementType": "Text",
                  "flags": 0,
                  "index": 0,
                  "key": null,
                  "lanes": 0,
                  "memoizedProps": Object {
                    "children": undefined,
                    "style": Array [
                      Object {
                        "fontSize": 16,
                      },
                      Object {},
                      undefined,
                    ],
                  },
                  "memoizedState": null,
                  "mode": 0,
                  "pendingProps": Object {
                    "children": undefined,
                    "style": Array [
                      Object {
                        "fontSize": 16,
                      },
                      Object {},
                      undefined,
                    ],
                  },
                  "ref": null,
                  "return": FiberNode {
                    "_debugHookTypes": null,
                    "_debugNeedsRemount": false,
                    "_debugOwner": [Circular],
                    "_debugSource": undefined,
                    "actualDuration": 0,
                    "actualStartTime": -1,
                    "alternate": null,
                    "child": [Circular],
                    "childLanes": 0,
                    "deletions": null,
                    "dependencies": null,
                    "elementType": [Function],
                    "flags": 1,
                    "index": 0,
                    "key": null,
                    "lanes": 0,
                    "memoizedProps": Object {
                      "style": Array [
                        Object {
                          "fontSize": 16,
                        },
                        Object {},
                        undefined,
                      ],
                    },
                    "memoizedState": null,
                    "mode": 0,
                    "pendingProps": Object {
                      "style": Array [
                        Object {
                          "fontSize": 16,
                        },
                        Object {},
                        undefined,
                      ],
                    },
                    "ref": null,
                    "return": [Circular],
                    "selfBaseDuration": 0,
                    "sibling": null,
                    "stateNode": Component {
                      "_reactInternalInstance": Object {},
                      "_reactInternals": [Circular],
                      "context": Object {},
                      "props": Object {
                        "style": Array [
                          Object {
                            "fontSize": 16,
                          },
                          Object {},
                          undefined,
                        ],
                      },
                      "refs": Object {},
                      "state": null,
                      "updater": Object {
                        "enqueueForceUpdate": [Function],
                        "enqueueReplaceState": [Function],
                        "enqueueSetState": [Function],
                        "isMounted": [Function],
                      },
                    },
                    "subtreeFlags": 0,
                    "tag": 1,
                    "treeBaseDuration": 0,
                    "type": [Function],
                    "updateQueue": Object {
                      "baseState": null,
                      "effects": null,
                      "firstBaseUpdate": null,
                      "lastBaseUpdate": null,
                      "shared": Object {
                        "interleaved": null,
                        "lanes": 0,
                        "pending": null,
                      },
                    },
                  },
                  "selfBaseDuration": 0,
                  "sibling": null,
                  "stateNode": [Circular],
                  "subtreeFlags": 0,
                  "tag": 5,
                  "treeBaseDuration": 0,
                  "type": "Text",
                  "updateQueue": null,
                },
                "isHidden": false,
                "props": Object {
                  "children": undefined,
                  "style": Array [
                    Object {
                      "fontSize": 16,
                    },
                    Object {},
                    undefined,
                  ],
                },
                "rootContainerInstance": [Circular],
                "tag": "INSTANCE",
                "type": "Text",
              },
            ],
            "createNodeMock": [Function],
            "tag": "CONTAINER",
          },
          "context": Object {},
          "current": [Circular],
          "effectDuration": 0,
          "entangledLanes": 0,
          "entanglements": Array [
            0,
            0,
            0,
            0,
            0,
            0,
            0,
            0,
            0,
            0,
            0,
            0,
            0,
            0,
            0,
            0,
            0,
            0,
            0,
            0,
            0,
            0,
            0,
            0,
            0,
            0,
            0,
            0,
            0,
            0,
            0,
          ],
          "eventTimes": Array [
            -1,
            0,
            0,
            0,
            0,
            0,
            0,
            0,
            0,
            0,
            0,
            0,
            0,
            0,
            0,
            0,
            0,
            0,
            0,
            0,
            0,
            0,
            0,
            0,
            0,
            0,
            0,
            0,
            0,
            0,
            0,
          ],
          "expirationTimes": Array [
            -1,
            -1,
            -1,
            -1,
            -1,
            -1,
            -1,
            -1,
            -1,
            -1,
            -1,
            -1,
            -1,
            -1,
            -1,
            -1,
            -1,
            -1,
            -1,
            -1,
            -1,
            -1,
            -1,
            -1,
            -1,
            -1,
            -1,
            -1,
            -1,
            -1,
            -1,
          ],
          "expiredLanes": 0,
          "finishedLanes": 0,
          "finishedWork": null,
          "identifierPrefix": "",
          "mutableReadLanes": 0,
          "onRecoverableError": [Function],
          "passiveEffectDuration": 0,
          "pendingChildren": null,
          "pendingContext": null,
          "pendingLanes": 0,
          "pingCache": null,
          "pingedLanes": 0,
          "suspendedLanes": 0,
          "tag": 0,
          "timeoutHandle": -1,
        },
        "subtreeFlags": 0,
        "tag": 3,
        "treeBaseDuration": 0,
        "type": null,
        "updateQueue": Object {
          "baseState": Object {
            "cache": null,
            "element": null,
            "isDehydrated": false,
            "pendingSuspenseBoundaries": null,
            "transitions": null,
          },
          "effects": null,
          "firstBaseUpdate": Object {
            "callback": null,
            "eventTime": 1685641938880,
            "lane": 1,
            "next": null,
            "payload": Object {
              "element": <CustomText />,
            },
            "tag": 0,
          },
          "lastBaseUpdate": Object {
            "callback": null,
            "eventTime": 1685641938880,
            "lane": 1,
            "next": null,
            "payload": Object {
              "element": <CustomText />,
            },
            "tag": 0,
          },
          "shared": Object {
            "interleaved": null,
            "lanes": 0,
            "pending": null,
          },
        },
      },
      "child": [Circular],
      "childLanes": 0,
      "deletions": null,
      "dependencies": null,
      "elementType": null,
      "flags": 1024,
      "index": 0,
      "key": null,
      "lanes": 0,
      "memoizedProps": null,
      "memoizedState": Object {
        "cache": null,
        "element": <CustomText />,
        "isDehydrated": false,
        "pendingSuspenseBoundaries": null,
        "transitions": null,
      },
      "mode": 0,
      "pendingProps": null,
      "ref": null,
      "return": null,
      "selfBaseDuration": 0,
      "sibling": null,
      "stateNode": FiberRootNode {
        "_debugRootType": "render()",
        "callbackNode": null,
        "callbackPriority": 0,
        "containerInfo": Object {
          "children": Array [
            Object {
              "children": Array [],
              "internalInstanceHandle": FiberNode {
                "_debugHookTypes": null,
                "_debugNeedsRemount": false,
                "_debugOwner": FiberNode {
                  "_debugHookTypes": null,
                  "_debugNeedsRemount": false,
                  "_debugOwner": [Circular],
                  "_debugSource": undefined,
                  "actualDuration": 0,
                  "actualStartTime": -1,
                  "alternate": null,
                  "child": [Circular],
                  "childLanes": 0,
                  "deletions": null,
                  "dependencies": null,
                  "elementType": [Function],
                  "flags": 1,
                  "index": 0,
                  "key": null,
                  "lanes": 0,
                  "memoizedProps": Object {
                    "style": Array [
                      Object {
                        "fontSize": 16,
                      },
                      Object {},
                      undefined,
                    ],
                  },
                  "memoizedState": null,
                  "mode": 0,
                  "pendingProps": Object {
                    "style": Array [
                      Object {
                        "fontSize": 16,
                      },
                      Object {},
                      undefined,
                    ],
                  },
                  "ref": null,
                  "return": [Circular],
                  "selfBaseDuration": 0,
                  "sibling": null,
                  "stateNode": Component {
                    "_reactInternalInstance": Object {},
                    "_reactInternals": [Circular],
                    "context": Object {},
                    "props": Object {
                      "style": Array [
                        Object {
                          "fontSize": 16,
                        },
                        Object {},
                        undefined,
                      ],
                    },
                    "refs": Object {},
                    "state": null,
                    "updater": Object {
                      "enqueueForceUpdate": [Function],
                      "enqueueReplaceState": [Function],
                      "enqueueSetState": [Function],
                      "isMounted": [Function],
                    },
                  },
                  "subtreeFlags": 0,
                  "tag": 1,
                  "treeBaseDuration": 0,
                  "type": [Function],
                  "updateQueue": Object {
                    "baseState": null,
                    "effects": null,
                    "firstBaseUpdate": null,
                    "lastBaseUpdate": null,
                    "shared": Object {
                      "interleaved": null,
                      "lanes": 0,
                      "pending": null,
                    },
                  },
                },
                "_debugSource": null,
                "actualDuration": 0,
                "actualStartTime": -1,
                "alternate": null,
                "child": null,
                "childLanes": 0,
                "deletions": null,
                "dependencies": null,
                "elementType": "Text",
                "flags": 0,
                "index": 0,
                "key": null,
                "lanes": 0,
                "memoizedProps": Object {
                  "children": undefined,
                  "style": Array [
                    Object {
                      "fontSize": 16,
                    },
                    Object {},
                    undefined,
                  ],
                },
                "memoizedState": null,
                "mode": 0,
                "pendingProps": Object {
                  "children": undefined,
                  "style": Array [
                    Object {
                      "fontSize": 16,
                    },
                    Object {},
                    undefined,
                  ],
                },
                "ref": null,
                "return": FiberNode {
                  "_debugHookTypes": null,
                  "_debugNeedsRemount": false,
                  "_debugOwner": [Circular],
                  "_debugSource": undefined,
                  "actualDuration": 0,
                  "actualStartTime": -1,
                  "alternate": null,
                  "child": [Circular],
                  "childLanes": 0,
                  "deletions": null,
                  "dependencies": null,
                  "elementType": [Function],
                  "flags": 1,
                  "index": 0,
                  "key": null,
                  "lanes": 0,
                  "memoizedProps": Object {
                    "style": Array [
                      Object {
                        "fontSize": 16,
                      },
                      Object {},
                      undefined,
                    ],
                  },
                  "memoizedState": null,
                  "mode": 0,
                  "pendingProps": Object {
                    "style": Array [
                      Object {
                        "fontSize": 16,
                      },
                      Object {},
                      undefined,
                    ],
                  },
                  "ref": null,
                  "return": [Circular],
                  "selfBaseDuration": 0,
                  "sibling": null,
                  "stateNode": Component {
                    "_reactInternalInstance": Object {},
                    "_reactInternals": [Circular],
                    "context": Object {},
                    "props": Object {
                      "style": Array [
                        Object {
                          "fontSize": 16,
                        },
                        Object {},
                        undefined,
                      ],
                    },
                    "refs": Object {},
                    "state": null,
                    "updater": Object {
                      "enqueueForceUpdate": [Function],
                      "enqueueReplaceState": [Function],
                      "enqueueSetState": [Function],
                      "isMounted": [Function],
                    },
                  },
                  "subtreeFlags": 0,
                  "tag": 1,
                  "treeBaseDuration": 0,
                  "type": [Function],
                  "updateQueue": Object {
                    "baseState": null,
                    "effects": null,
                    "firstBaseUpdate": null,
                    "lastBaseUpdate": null,
                    "shared": Object {
                      "interleaved": null,
                      "lanes": 0,
                      "pending": null,
                    },
                  },
                },
                "selfBaseDuration": 0,
                "sibling": null,
                "stateNode": [Circular],
                "subtreeFlags": 0,
                "tag": 5,
                "treeBaseDuration": 0,
                "type": "Text",
                "updateQueue": null,
              },
              "isHidden": false,
              "props": Object {
                "children": undefined,
                "style": Array [
                  Object {
                    "fontSize": 16,
                  },
                  Object {},
                  undefined,
                ],
              },
              "rootContainerInstance": [Circular],
              "tag": "INSTANCE",
              "type": "Text",
            },
          ],
          "createNodeMock": [Function],
          "tag": "CONTAINER",
        },
        "context": Object {},
        "current": [Circular],
        "effectDuration": 0,
        "entangledLanes": 0,
        "entanglements": Array [
          0,
          0,
          0,
          0,
          0,
          0,
          0,
          0,
          0,
          0,
          0,
          0,
          0,
          0,
          0,
          0,
          0,
          0,
          0,
          0,
          0,
          0,
          0,
          0,
          0,
          0,
          0,
          0,
          0,
          0,
          0,
        ],
        "eventTimes": Array [
          -1,
          0,
          0,
          0,
          0,
          0,
          0,
          0,
          0,
          0,
          0,
          0,
          0,
          0,
          0,
          0,
          0,
          0,
          0,
          0,
          0,
          0,
          0,
          0,
          0,
          0,
          0,
          0,
          0,
          0,
          0,
        ],
        "expirationTimes": Array [
          -1,
          -1,
          -1,
          -1,
          -1,
          -1,
          -1,
          -1,
          -1,
          -1,
          -1,
          -1,
          -1,
          -1,
          -1,
          -1,
          -1,
          -1,
          -1,
          -1,
          -1,
          -1,
          -1,
          -1,
          -1,
          -1,
          -1,
          -1,
          -1,
          -1,
          -1,
        ],
        "expiredLanes": 0,
        "finishedLanes": 0,
        "finishedWork": null,
        "identifierPrefix": "",
        "mutableReadLanes": 0,
        "onRecoverableError": [Function],
        "passiveEffectDuration": 0,
        "pendingChildren": null,
        "pendingContext": null,
        "pendingLanes": 0,
        "pingCache": null,
        "pingedLanes": 0,
        "suspendedLanes": 0,
        "tag": 0,
        "timeoutHandle": -1,
      },
      "subtreeFlags": 3,
      "tag": 3,
      "treeBaseDuration": 0,
      "type": null,
      "updateQueue": Object {
        "baseState": Object {
          "cache": null,
          "element": <CustomText />,
          "isDehydrated": false,
          "pendingSuspenseBoundaries": null,
          "transitions": null,
        },
        "effects": null,
        "firstBaseUpdate": null,
        "lastBaseUpdate": null,
        "shared": Object {
          "interleaved": null,
          "lanes": 0,
          "pending": null,
        },
      },
    },
    "selfBaseDuration": 0,
    "sibling": null,
    "stateNode": null,
    "subtreeFlags": 1,
    "tag": 0,
    "treeBaseDuration": 0,
    "type": [Function],
    "updateQueue": null,
  },
}
`;
