// Jest Snapshot v1, https://goo.gl/fbAQLP

exports[`AuthWrapper renders StackAuthorize when user is logged in 1`] = `null`;
