// Jest Snapshot v1, https://goo.gl/fbAQLP

exports[`DetailsContainer renders correctly 1`] = `
<View>
  <linear
    colors={
      Array [
        "#50b8a8",
        "#bbfcf2",
      ]
    }
    end={
      Object {
        "x": 1,
        "y": 1.2,
      }
    }
    start={
      Object {
        "x": 0.2,
        "y": 0.4,
      }
    }
    style={
      Object {
        "alignItems": "center",
        "backgroundColor": "#50b8a8",
        "height": 340,
        "justifyContent": "center",
        "width": "100%",
      }
    }
  >
    <Image
      source={
        Object {
          "uri": "mock-image-url",
        }
      }
      style={
        Object {
          "backgroundColor": "white",
          "borderColor": "white",
          "borderRadius": 150,
          "borderWidth": 5,
          "height": 120,
          "width": 120,
        }
      }
    />
    <Text
      style={
        Object {
          "color": "white",
          "fontSize": 60,
        }
      }
    >
      John
    </Text>
  </linear>
  <View
    style={
      Object {
        "backgroundColor": "#EEEDE7",
        "height": "100%",
        "padding": 8,
        "width": "100%",
      }
    }
  >
    <View
      style={
        Object {
          "alignItems": "center",
          "borderBottomColor": "gray",
          "borderBottomWidth": 1.2,
          "flexDirection": "row",
          "height": 160,
          "justifyContent": "space-between",
          "marginVertical": 10,
          "paddingVertical": 20,
          "width": "100%",
        }
      }
    >
      <View
        style={
          Object {
            "height": "100%",
            "justifyContent": "space-between",
          }
        }
      >
        <Text
          style={
            Object {
              "fontSize": 40,
            }
          }
        >
          john@example.com
        </Text>
        <Text
          style={
            Object {
              "fontSize": 24,
            }
          }
        >
          Original Email
        </Text>
      </View>
    </View>
  </View>
</View>
`;
